../Core/Src/main.c:117:6:HAL_SYSTICK_Handler	4	static
../Core/Src/main.c:122:6:delay_us	16	static
../Core/Src/main.c:130:6:HAL_GPIO_EXTI_Callback	16	static
../Core/Src/main.c:150:6:HAL_ADC_ConvCpltCallback	16	static
../Core/Src/main.c:172:1:__io_putchar	16	static
../Core/Src/main.c:193:5:main	8	static
../Core/Src/main.c:338:6:SystemClock_Config	88	static
../Core/Src/main.c:384:13:MX_ADC1_Init	24	static
../Core/Src/main.c:436:13:MX_ETH_Init	8	static
../Core/Src/main.c:485:13:MX_I2C1_Init	8	static
../Core/Src/main.c:533:13:MX_TIM11_Init	8	static
../Core/Src/main.c:564:13:MX_USART3_UART_Init	8	static
../Core/Src/main.c:597:13:MX_USB_OTG_FS_PCD_Init	8	static
../Core/Src/main.c:632:13:MX_GPIO_Init	64	static
../Core/Src/main.c:769:6:StartDefaultTask	16	static
../Core/Src/main.c:815:6:Task_dotmatix_func	16	static
../Core/Src/main.c:851:6:Task_elevator_func	16	static
../Core/Src/main.c:894:6:HAL_TIM_PeriodElapsedCallback	16	static
../Core/Src/main.c:911:6:Error_Handler	4	static,ignoring_inline_asm
